mode: atomic
aigame/server/backend/cmd/testdb/main.go:18.13,19.41 1 0
aigame/server/backend/cmd/testdb/main.go:19.41,22.3 2 0
aigame/server/backend/cmd/testdb/main.go:24.31,25.47 1 0
aigame/server/backend/cmd/testdb/main.go:25.47,27.3 1 0
aigame/server/backend/cmd/testdb/main.go:28.2,31.36 4 0
aigame/server/backend/cmd/testdb/main.go:31.36,33.3 1 0
aigame/server/backend/cmd/testdb/main.go:34.2,38.20 5 0
aigame/server/backend/cmd/testdb/main.go:38.20,38.88 1 0
aigame/server/backend/cmd/testdb/main.go:39.2,42.14 4 0
aigame/server/backend/cmd/testdb/main.go:42.14,44.3 1 0
aigame/server/backend/cmd/testdb/main.go:45.2,46.14 2 0
aigame/server/backend/cmd/testdb/main.go:46.14,48.3 1 0
aigame/server/backend/cmd/testdb/main.go:49.2,50.26 2 0
aigame/server/backend/cmd/testdb/main.go:50.26,52.55 2 0
aigame/server/backend/cmd/testdb/main.go:52.55,55.9 3 0
aigame/server/backend/cmd/testdb/main.go:57.3,57.37 1 0
aigame/server/backend/cmd/testdb/main.go:59.2,59.16 1 0
aigame/server/backend/cmd/testdb/main.go:59.16,61.3 1 0
aigame/server/backend/cmd/testdb/main.go:62.2,66.20 4 0
aigame/server/backend/cmd/testdb/main.go:66.20,68.3 1 0
aigame/server/backend/cmd/testdb/main.go:69.2,73.31 5 0
aigame/server/backend/cmd/testdb/main.go:73.31,75.3 1 0
aigame/server/backend/cmd/testdb/main.go:76.2,76.12 1 0
aigame/server/backend/transport/http.go:30.51,32.2 1 0
aigame/server/backend/transport/http.go:33.52,37.30 4 0
aigame/server/backend/transport/http.go:37.30,38.42 1 0
aigame/server/backend/transport/http.go:38.42,40.4 1 0
aigame/server/backend/transport/http.go:42.2,43.35 2 0
aigame/server/backend/transport/http.go:43.35,45.3 1 0
aigame/server/backend/transport/http.go:46.2,46.49 1 0
aigame/server/backend/transport/http.go:46.49,48.3 1 0
aigame/server/backend/transport/http.go:49.2,49.21 1 0
aigame/server/backend/transport/http.go:49.21,51.3 1 0
aigame/server/backend/transport/http.go:52.2,53.13 2 0
aigame/server/backend/transport/http.go:55.57,60.2 4 0
aigame/server/backend/transport/http.go:61.59,63.2 1 0
aigame/server/backend/transport/http.go:64.46,65.74 1 0
aigame/server/backend/transport/http.go:65.74,67.3 1 0
aigame/server/backend/transport/http.go:67.8,69.3 1 0
aigame/server/backend/transport/http.go:71.35,73.2 1 0
aigame/server/backend/transport/http.go:92.35,95.24 3 0
aigame/server/backend/transport/http.go:95.24,97.3 1 0
aigame/server/backend/transport/http.go:98.2,98.37 1 0
aigame/server/backend/transport/http.go:100.69,102.94 2 0
aigame/server/backend/transport/http.go:102.94,105.3 2 0
aigame/server/backend/transport/http.go:106.2,107.69 2 0
aigame/server/backend/transport/http.go:107.69,111.3 3 0
aigame/server/backend/transport/http.go:112.2,112.56 1 0
aigame/server/backend/transport/http.go:112.56,114.30 2 0
aigame/server/backend/transport/http.go:114.30,117.4 2 0
aigame/server/backend/transport/http.go:118.3,118.15 1 0
aigame/server/backend/transport/http.go:118.15,121.4 2 0
aigame/server/backend/transport/http.go:123.2,123.28 1 0
aigame/server/backend/transport/http.go:123.28,126.3 2 0
aigame/server/backend/transport/http.go:127.2,128.14 2 0
aigame/server/backend/transport/http.go:128.14,130.26 2 0
aigame/server/backend/transport/http.go:130.26,132.4 1 0
aigame/server/backend/transport/http.go:132.9,134.4 1 0
aigame/server/backend/transport/http.go:135.3,135.9 1 0
aigame/server/backend/transport/http.go:137.2,140.55 4 0
aigame/server/backend/transport/http.go:140.55,141.24 1 0
aigame/server/backend/transport/http.go:141.24,144.4 2 0
aigame/server/backend/transport/http.go:145.3,145.30 1 0
aigame/server/backend/transport/http.go:145.30,146.40 1 0
aigame/server/backend/transport/http.go:146.40,149.5 2 0
aigame/server/backend/transport/http.go:150.4,150.58 1 0
aigame/server/backend/transport/http.go:151.9,153.4 1 0
aigame/server/backend/transport/http.go:154.3,154.9 1 0
aigame/server/backend/transport/http.go:156.2,156.23 1 0
aigame/server/backend/transport/http.go:156.23,159.3 2 0
aigame/server/backend/transport/http.go:160.2,160.24 1 0
aigame/server/backend/transport/http.go:160.24,163.3 2 0
aigame/server/backend/transport/http.go:164.2,164.30 1 0
aigame/server/backend/transport/http.go:164.30,166.72 2 0
aigame/server/backend/transport/http.go:166.72,169.4 2 0
aigame/server/backend/transport/http.go:170.3,171.15 2 0
aigame/server/backend/transport/http.go:171.15,174.4 2 0
aigame/server/backend/transport/http.go:175.3,176.9 2 0
aigame/server/backend/transport/http.go:178.2,178.43 1 0
aigame/server/backend/transport/http.go:178.43,181.55 3 0
aigame/server/backend/transport/http.go:181.55,184.4 2 0
aigame/server/backend/transport/http.go:185.3,186.148 2 0
aigame/server/backend/transport/http.go:186.148,189.4 2 0
aigame/server/backend/transport/http.go:190.3,191.15 2 0
aigame/server/backend/transport/http.go:191.15,194.4 2 0
aigame/server/backend/transport/http.go:195.3,196.9 2 0
aigame/server/backend/transport/http.go:198.2,199.61 2 0
aigame/server/backend/transport/http.go:199.61,202.3 2 0
aigame/server/backend/transport/http.go:203.2,204.14 2 0
aigame/server/backend/transport/http.go:204.14,207.3 2 0
aigame/server/backend/transport/http.go:208.2,208.31 1 0
aigame/server/backend/transport/http.go:208.31,209.68 1 0
aigame/server/backend/transport/http.go:209.68,212.4 2 0
aigame/server/backend/transport/http.go:213.3,214.9 2 0
aigame/server/backend/transport/http.go:216.2,217.100 2 0
aigame/server/backend/transport/http.go:217.100,220.3 2 0
aigame/server/backend/transport/http.go:221.2,221.89 1 0
aigame/server/backend/transport/http.go:221.89,224.3 2 0
aigame/server/backend/transport/http.go:225.2,226.14 2 0
aigame/server/backend/transport/http.go:226.14,229.3 2 0
aigame/server/backend/transport/http.go:230.2,230.265 1 0
aigame/server/backend/infra/postgres.go:19.65,21.14 2 0
aigame/server/backend/infra/postgres.go:21.14,23.3 1 0
aigame/server/backend/infra/postgres.go:24.2,24.18 1 0
aigame/server/backend/infra/postgres.go:24.18,25.28 1 0
aigame/server/backend/infra/postgres.go:25.28,26.64 1 0
aigame/server/backend/infra/postgres.go:26.64,28.5 1 0
aigame/server/backend/infra/postgres.go:30.3,30.55 1 0
aigame/server/backend/infra/postgres.go:32.2,33.14 2 0
aigame/server/backend/infra/postgres.go:33.14,35.3 1 0
aigame/server/backend/infra/postgres.go:36.2,36.28 1 0
aigame/server/backend/infra/postgres.go:38.70,40.2 1 0
aigame/server/backend/infra/postgres.go:41.32,42.13 1 0
aigame/server/backend/infra/postgres.go:42.13,44.3 1 0
aigame/server/backend/infra/postgres.go:45.2,45.37 1 0
aigame/server/backend/infra/postgres.go:47.77,51.2 3 0
aigame/server/backend/infra/postgres.go:52.67,55.2 2 0
aigame/server/backend/infra/postgres.go:56.79,60.2 3 0
aigame/server/backend/infra/postgres.go:61.63,64.2 2 0
aigame/server/backend/infra/postgres.go:65.100,67.14 2 0
aigame/server/backend/infra/postgres.go:67.14,69.3 1 0
aigame/server/backend/infra/postgres.go:70.2,72.195 3 0
aigame/server/backend/infra/postgres.go:72.195,74.3 1 0
aigame/server/backend/infra/postgres.go:75.2,76.14 2 0
aigame/server/backend/infra/postgres.go:76.14,78.3 1 0
aigame/server/backend/infra/postgres.go:79.2,79.21 1 0
aigame/server/backend/infra/postgres.go:81.86,83.14 2 0
aigame/server/backend/infra/postgres.go:83.14,85.3 1 0
aigame/server/backend/infra/postgres.go:86.2,89.193 4 0
aigame/server/backend/infra/postgres.go:89.193,91.3 1 0
aigame/server/backend/infra/postgres.go:92.2,93.14 2 0
aigame/server/backend/infra/postgres.go:93.14,95.3 1 0
aigame/server/backend/infra/postgres.go:96.2,97.32 2 0
aigame/server/backend/infra/postgres.go:97.32,99.3 1 0
aigame/server/backend/infra/postgres.go:100.2,100.17 1 0
aigame/server/backend/infra/postgres.go:102.44,102.106 2 0
aigame/server/backend/infra/postgres.go:103.44,103.69 1 0
aigame/server/backend/infra/postgres.go:104.48,106.16 2 0
aigame/server/backend/infra/postgres.go:106.16,108.3 1 0
aigame/server/backend/infra/postgres.go:109.2,110.14 2 0
aigame/server/backend/infra/postgres.go:110.14,112.3 1 0
aigame/server/backend/infra/postgres.go:113.2,114.14 2 0
aigame/server/backend/infra/postgres.go:114.14,116.3 1 0
aigame/server/backend/infra/postgres.go:117.2,118.20 2 0
aigame/server/backend/infra/postgres.go:118.20,119.87 1 0
aigame/server/backend/infra/postgres.go:119.87,121.4 1 0
aigame/server/backend/infra/postgres.go:123.2,123.75 1 0
aigame/server/backend/infra/postgres.go:123.75,125.3 1 0
aigame/server/backend/infra/postgres.go:126.2,126.129 1 0
aigame/server/backend/infra/postgres.go:126.129,128.3 1 0
aigame/server/backend/infra/postgres.go:129.2,131.14 3 0
aigame/server/backend/infra/postgres.go:131.14,132.35 1 0
aigame/server/backend/infra/postgres.go:132.35,134.4 1 0
aigame/server/backend/infra/postgres.go:135.3,135.24 1 0
aigame/server/backend/infra/postgres.go:137.2,137.24 1 0
aigame/server/backend/infra/postgres.go:137.24,139.3 1 0
aigame/server/backend/infra/postgres.go:140.2,140.46 1 0
aigame/server/backend/infra/postgres.go:140.46,142.3 1 0
aigame/server/backend/infra/postgres.go:143.2,143.117 1 0
aigame/server/backend/infra/postgres.go:143.117,145.3 1 0
aigame/server/backend/infra/postgres.go:146.2,146.23 1 0
aigame/server/backend/main.go:22.13,23.26 1 0
aigame/server/backend/main.go:23.26,26.3 2 0
aigame/server/backend/main.go:28.18,30.22 2 0
aigame/server/backend/main.go:30.22,32.3 1 0
aigame/server/backend/main.go:33.2,33.57 1 0
aigame/server/backend/main.go:33.57,35.3 1 0
aigame/server/backend/main.go:36.2,36.37 1 0
aigame/server/backend/main.go:36.37,38.3 1 0
aigame/server/backend/main.go:39.2,42.14 4 0
aigame/server/backend/main.go:42.14,44.3 1 0
aigame/server/backend/main.go:45.2,46.22 2 0
aigame/server/backend/main.go:46.22,47.35 1 0
aigame/server/backend/main.go:47.35,49.4 1 0
aigame/server/backend/main.go:50.3,51.13 2 0
aigame/server/backend/main.go:53.2,53.19 1 0
aigame/server/backend/main.go:53.19,55.115 2 0
aigame/server/backend/main.go:55.115,57.4 1 0
aigame/server/backend/main.go:58.3,59.15 2 0
aigame/server/backend/main.go:59.15,61.4 1 0
aigame/server/backend/main.go:62.3,63.36 2 0
aigame/server/backend/main.go:63.36,65.4 1 0
aigame/server/backend/main.go:66.3,70.15 5 0
aigame/server/backend/main.go:70.15,72.4 1 0
aigame/server/backend/main.go:73.3,74.13 2 0
aigame/server/backend/main.go:76.2,77.23 2 0
aigame/server/backend/main.go:77.23,79.3 1 0
aigame/server/backend/main.go:80.2,80.58 1 0
aigame/server/backend/main.go:80.58,82.3 1 0
aigame/server/backend/main.go:83.2,84.42 2 0
aigame/server/backend/main.go:84.42,86.3 1 0
aigame/server/backend/main.go:87.2,89.57 3 0
aigame/server/backend/main.go:89.57,91.3 1 0
aigame/server/backend/main.go:92.2,96.12 5 0
aigame/server/backend/main.go:96.12,101.3 4 0
aigame/server/backend/main.go:102.2,103.16 2 0
aigame/server/backend/main.go:103.16,105.3 1 0
aigame/server/backend/main.go:105.8,107.3 1 0
aigame/server/backend/main.go:108.2,108.53 1 0
aigame/server/backend/main.go:108.53,110.3 1 0
aigame/server/backend/main.go:111.2,111.12 1 0
aigame/server/backend/main.go:113.30,114.32 1 0
aigame/server/backend/main.go:114.32,116.3 1 0
aigame/server/backend/main.go:117.2,117.10 1 0
aigame/server/backend/cmd/testdb/main.go:18.13,19.41 1 0
aigame/server/backend/cmd/testdb/main.go:19.41,22.3 2 0
aigame/server/backend/cmd/testdb/main.go:24.31,25.47 1 0
aigame/server/backend/cmd/testdb/main.go:25.47,27.3 1 0
aigame/server/backend/cmd/testdb/main.go:28.2,31.36 4 0
aigame/server/backend/cmd/testdb/main.go:31.36,33.3 1 0
aigame/server/backend/cmd/testdb/main.go:34.2,38.20 5 0
aigame/server/backend/cmd/testdb/main.go:38.20,38.88 1 0
aigame/server/backend/cmd/testdb/main.go:39.2,42.14 4 0
aigame/server/backend/cmd/testdb/main.go:42.14,44.3 1 0
aigame/server/backend/cmd/testdb/main.go:45.2,46.14 2 0
aigame/server/backend/cmd/testdb/main.go:46.14,48.3 1 0
aigame/server/backend/cmd/testdb/main.go:49.2,50.26 2 0
aigame/server/backend/cmd/testdb/main.go:50.26,52.55 2 0
aigame/server/backend/cmd/testdb/main.go:52.55,55.9 3 0
aigame/server/backend/cmd/testdb/main.go:57.3,57.37 1 0
aigame/server/backend/cmd/testdb/main.go:59.2,59.16 1 0
aigame/server/backend/cmd/testdb/main.go:59.16,61.3 1 0
aigame/server/backend/cmd/testdb/main.go:62.2,66.20 4 0
aigame/server/backend/cmd/testdb/main.go:66.20,68.3 1 0
aigame/server/backend/cmd/testdb/main.go:69.2,73.31 5 0
aigame/server/backend/cmd/testdb/main.go:73.31,75.3 1 0
aigame/server/backend/cmd/testdb/main.go:76.2,76.12 1 0
aigame/server/backend/infra/postgres.go:19.65,21.14 2 1
aigame/server/backend/infra/postgres.go:21.14,23.3 1 0
aigame/server/backend/infra/postgres.go:24.2,24.18 1 1
aigame/server/backend/infra/postgres.go:24.18,25.28 1 1
aigame/server/backend/infra/postgres.go:25.28,26.64 1 29
aigame/server/backend/infra/postgres.go:26.64,28.5 1 0
aigame/server/backend/infra/postgres.go:30.3,30.55 1 1
aigame/server/backend/infra/postgres.go:32.2,33.14 2 1
aigame/server/backend/infra/postgres.go:33.14,35.3 1 0
aigame/server/backend/infra/postgres.go:36.2,36.28 1 1
aigame/server/backend/infra/postgres.go:38.70,40.2 1 3
aigame/server/backend/infra/postgres.go:41.32,42.13 1 1
aigame/server/backend/infra/postgres.go:42.13,44.3 1 0
aigame/server/backend/infra/postgres.go:45.2,45.37 1 1
aigame/server/backend/infra/postgres.go:47.77,51.2 3 1
aigame/server/backend/infra/postgres.go:52.67,55.2 2 1
aigame/server/backend/infra/postgres.go:56.79,60.2 3 2
aigame/server/backend/infra/postgres.go:61.63,64.2 2 1
aigame/server/backend/infra/postgres.go:65.100,67.14 2 1
aigame/server/backend/infra/postgres.go:67.14,69.3 1 0
aigame/server/backend/infra/postgres.go:70.2,72.195 3 1
aigame/server/backend/infra/postgres.go:72.195,74.3 1 0
aigame/server/backend/infra/postgres.go:75.2,76.14 2 1
aigame/server/backend/infra/postgres.go:76.14,78.3 1 0
aigame/server/backend/infra/postgres.go:79.2,79.21 1 1
aigame/server/backend/infra/postgres.go:81.86,83.14 2 4
aigame/server/backend/infra/postgres.go:83.14,85.3 1 0
aigame/server/backend/infra/postgres.go:86.2,89.193 4 4
aigame/server/backend/infra/postgres.go:89.193,91.3 1 0
aigame/server/backend/infra/postgres.go:92.2,93.14 2 4
aigame/server/backend/infra/postgres.go:93.14,95.3 1 3
aigame/server/backend/infra/postgres.go:96.2,97.32 2 1
aigame/server/backend/infra/postgres.go:97.32,99.3 1 0
aigame/server/backend/infra/postgres.go:100.2,100.17 1 1
aigame/server/backend/infra/postgres.go:102.44,102.106 2 9
aigame/server/backend/infra/postgres.go:103.44,103.69 1 0
aigame/server/backend/infra/postgres.go:104.48,106.16 2 1
aigame/server/backend/infra/postgres.go:106.16,108.3 1 1
aigame/server/backend/infra/postgres.go:109.2,110.14 2 1
aigame/server/backend/infra/postgres.go:110.14,112.3 1 0
aigame/server/backend/infra/postgres.go:113.2,114.14 2 1
aigame/server/backend/infra/postgres.go:114.14,116.3 1 0
aigame/server/backend/infra/postgres.go:117.2,118.20 2 1
aigame/server/backend/infra/postgres.go:118.20,119.87 1 1
aigame/server/backend/infra/postgres.go:119.87,121.4 1 0
aigame/server/backend/infra/postgres.go:123.2,123.75 1 1
aigame/server/backend/infra/postgres.go:123.75,125.3 1 0
aigame/server/backend/infra/postgres.go:126.2,126.129 1 1
aigame/server/backend/infra/postgres.go:126.129,128.3 1 0
aigame/server/backend/infra/postgres.go:129.2,131.14 3 1
aigame/server/backend/infra/postgres.go:131.14,132.35 1 0
aigame/server/backend/infra/postgres.go:132.35,134.4 1 0
aigame/server/backend/infra/postgres.go:135.3,135.24 1 0
aigame/server/backend/infra/postgres.go:137.2,137.24 1 1
aigame/server/backend/infra/postgres.go:137.24,139.3 1 0
aigame/server/backend/infra/postgres.go:140.2,140.46 1 1
aigame/server/backend/infra/postgres.go:140.46,142.3 1 0
aigame/server/backend/infra/postgres.go:143.2,143.117 1 1
aigame/server/backend/infra/postgres.go:143.117,145.3 1 0
aigame/server/backend/infra/postgres.go:146.2,146.23 1 1
aigame/server/backend/transport/http.go:30.51,32.2 1 1
aigame/server/backend/transport/http.go:33.52,37.30 4 10
aigame/server/backend/transport/http.go:37.30,38.42 1 26
aigame/server/backend/transport/http.go:38.42,40.4 1 0
aigame/server/backend/transport/http.go:42.2,43.35 2 10
aigame/server/backend/transport/http.go:43.35,45.3 1 0
aigame/server/backend/transport/http.go:46.2,46.49 1 10
aigame/server/backend/transport/http.go:46.49,48.3 1 0
aigame/server/backend/transport/http.go:49.2,49.21 1 10
aigame/server/backend/transport/http.go:49.21,51.3 1 0
aigame/server/backend/transport/http.go:52.2,53.13 2 10
aigame/server/backend/transport/http.go:55.57,60.2 4 11
aigame/server/backend/transport/http.go:61.59,63.2 1 7
aigame/server/backend/transport/http.go:64.46,65.74 1 3
aigame/server/backend/transport/http.go:65.74,67.3 1 3
aigame/server/backend/transport/http.go:67.8,69.3 1 0
aigame/server/backend/transport/http.go:71.35,73.2 1 20
aigame/server/backend/transport/http.go:92.35,95.24 3 7
aigame/server/backend/transport/http.go:95.24,97.3 1 1
aigame/server/backend/transport/http.go:98.2,98.37 1 6
aigame/server/backend/transport/http.go:100.69,102.94 2 11
aigame/server/backend/transport/http.go:102.94,105.3 2 1
aigame/server/backend/transport/http.go:106.2,107.69 2 10
aigame/server/backend/transport/http.go:107.69,111.3 3 0
aigame/server/backend/transport/http.go:112.2,112.56 1 10
aigame/server/backend/transport/http.go:112.56,114.30 2 10
aigame/server/backend/transport/http.go:114.30,117.4 2 0
aigame/server/backend/transport/http.go:118.3,118.15 1 10
aigame/server/backend/transport/http.go:118.15,121.4 2 1
aigame/server/backend/transport/http.go:123.2,123.28 1 9
aigame/server/backend/transport/http.go:123.28,126.3 2 0
aigame/server/backend/transport/http.go:127.2,128.14 2 9
aigame/server/backend/transport/http.go:128.14,130.26 2 0
aigame/server/backend/transport/http.go:130.26,132.4 1 0
aigame/server/backend/transport/http.go:132.9,134.4 1 0
aigame/server/backend/transport/http.go:135.3,135.9 1 0
aigame/server/backend/transport/http.go:137.2,140.55 4 9
aigame/server/backend/transport/http.go:140.55,141.24 1 0
aigame/server/backend/transport/http.go:141.24,144.4 2 0
aigame/server/backend/transport/http.go:145.3,145.30 1 0
aigame/server/backend/transport/http.go:145.30,146.40 1 0
aigame/server/backend/transport/http.go:146.40,149.5 2 0
aigame/server/backend/transport/http.go:150.4,150.58 1 0
aigame/server/backend/transport/http.go:151.9,153.4 1 0
aigame/server/backend/transport/http.go:154.3,154.9 1 0
aigame/server/backend/transport/http.go:156.2,156.23 1 9
aigame/server/backend/transport/http.go:156.23,159.3 2 0
aigame/server/backend/transport/http.go:160.2,160.24 1 9
aigame/server/backend/transport/http.go:160.24,163.3 2 0
aigame/server/backend/transport/http.go:164.2,164.30 1 9
aigame/server/backend/transport/http.go:164.30,166.72 2 2
aigame/server/backend/transport/http.go:166.72,169.4 2 1
aigame/server/backend/transport/http.go:170.3,171.15 2 1
aigame/server/backend/transport/http.go:171.15,174.4 2 0
aigame/server/backend/transport/http.go:175.3,176.9 2 1
aigame/server/backend/transport/http.go:178.2,178.43 1 7
aigame/server/backend/transport/http.go:178.43,181.55 3 5
aigame/server/backend/transport/http.go:181.55,184.4 2 1
aigame/server/backend/transport/http.go:185.3,186.148 2 4
aigame/server/backend/transport/http.go:186.148,189.4 2 0
aigame/server/backend/transport/http.go:190.3,191.15 2 4
aigame/server/backend/transport/http.go:191.15,194.4 2 3
aigame/server/backend/transport/http.go:195.3,196.9 2 1
aigame/server/backend/transport/http.go:198.2,199.61 2 2
aigame/server/backend/transport/http.go:199.61,202.3 2 0
aigame/server/backend/transport/http.go:203.2,204.14 2 2
aigame/server/backend/transport/http.go:204.14,207.3 2 0
aigame/server/backend/transport/http.go:208.2,208.31 1 2
aigame/server/backend/transport/http.go:208.31,209.68 1 1
aigame/server/backend/transport/http.go:209.68,212.4 2 0
aigame/server/backend/transport/http.go:213.3,214.9 2 1
aigame/server/backend/transport/http.go:216.2,217.100 2 1
aigame/server/backend/transport/http.go:217.100,220.3 2 0
aigame/server/backend/transport/http.go:221.2,221.89 1 1
aigame/server/backend/transport/http.go:221.89,224.3 2 0
aigame/server/backend/transport/http.go:225.2,226.14 2 1
aigame/server/backend/transport/http.go:226.14,229.3 2 0
aigame/server/backend/transport/http.go:230.2,230.265 1 1
aigame/server/backend/usecase/service.go:33.28,33.94 2 9
aigame/server/backend/usecase/service.go:34.26,42.2 2 5
aigame/server/backend/usecase/service.go:43.26,47.2 3 2
aigame/server/backend/usecase/service.go:48.83,50.14 2 1
aigame/server/backend/usecase/service.go:50.14,52.3 1 0
aigame/server/backend/usecase/service.go:53.2,54.9 2 1
aigame/server/backend/usecase/service.go:54.9,56.3 1 0
aigame/server/backend/usecase/service.go:57.2,58.61 2 1
aigame/server/backend/usecase/service.go:58.61,60.3 1 0
aigame/server/backend/usecase/service.go:61.2,61.21 1 1
aigame/server/backend/usecase/service.go:63.79,65.2 1 2
aigame/server/backend/usecase/service.go:66.128,67.83 1 1
aigame/server/backend/usecase/service.go:67.83,69.3 1 0
aigame/server/backend/usecase/service.go:70.2,72.61 3 1
aigame/server/backend/usecase/service.go:74.87,75.122 1 4
aigame/server/backend/usecase/service.go:75.122,77.3 1 0
aigame/server/backend/usecase/service.go:78.2,78.37 1 4
aigame/server/backend/main.go:22.13,23.26 1 0
aigame/server/backend/main.go:23.26,26.3 2 0
aigame/server/backend/main.go:28.18,30.22 2 0
aigame/server/backend/main.go:30.22,32.3 1 0
aigame/server/backend/main.go:33.2,33.57 1 0
aigame/server/backend/main.go:33.57,35.3 1 0
aigame/server/backend/main.go:36.2,36.37 1 0
aigame/server/backend/main.go:36.37,38.3 1 0
aigame/server/backend/main.go:39.2,42.14 4 0
aigame/server/backend/main.go:42.14,44.3 1 0
aigame/server/backend/main.go:45.2,46.22 2 0
aigame/server/backend/main.go:46.22,47.35 1 0
aigame/server/backend/main.go:47.35,49.4 1 0
aigame/server/backend/main.go:50.3,51.13 2 0
aigame/server/backend/main.go:53.2,53.19 1 0
aigame/server/backend/main.go:53.19,55.115 2 0
aigame/server/backend/main.go:55.115,57.4 1 0
aigame/server/backend/main.go:58.3,59.15 2 0
aigame/server/backend/main.go:59.15,61.4 1 0
aigame/server/backend/main.go:62.3,63.36 2 0
aigame/server/backend/main.go:63.36,65.4 1 0
aigame/server/backend/main.go:66.3,70.15 5 0
aigame/server/backend/main.go:70.15,72.4 1 0
aigame/server/backend/main.go:73.3,74.13 2 0
aigame/server/backend/main.go:76.2,77.23 2 0
aigame/server/backend/main.go:77.23,79.3 1 0
aigame/server/backend/main.go:80.2,80.58 1 0
aigame/server/backend/main.go:80.58,82.3 1 0
aigame/server/backend/main.go:83.2,84.42 2 0
aigame/server/backend/main.go:84.42,86.3 1 0
aigame/server/backend/main.go:87.2,89.57 3 0
aigame/server/backend/main.go:89.57,91.3 1 0
aigame/server/backend/main.go:92.2,96.12 5 0
aigame/server/backend/main.go:96.12,101.3 4 0
aigame/server/backend/main.go:102.2,103.16 2 0
aigame/server/backend/main.go:103.16,105.3 1 0
aigame/server/backend/main.go:105.8,107.3 1 0
aigame/server/backend/main.go:108.2,108.53 1 0
aigame/server/backend/main.go:108.53,110.3 1 0
aigame/server/backend/main.go:111.2,111.12 1 0
aigame/server/backend/main.go:113.30,114.32 1 0
aigame/server/backend/main.go:114.32,116.3 1 0
aigame/server/backend/main.go:117.2,117.10 1 0
aigame/server/backend/cmd/testdb/main.go:18.13,19.41 1 0
aigame/server/backend/cmd/testdb/main.go:19.41,22.3 2 0
aigame/server/backend/cmd/testdb/main.go:24.31,25.47 1 0
aigame/server/backend/cmd/testdb/main.go:25.47,27.3 1 0
aigame/server/backend/cmd/testdb/main.go:28.2,31.36 4 0
aigame/server/backend/cmd/testdb/main.go:31.36,33.3 1 0
aigame/server/backend/cmd/testdb/main.go:34.2,38.20 5 0
aigame/server/backend/cmd/testdb/main.go:38.20,38.88 1 0
aigame/server/backend/cmd/testdb/main.go:39.2,42.14 4 0
aigame/server/backend/cmd/testdb/main.go:42.14,44.3 1 0
aigame/server/backend/cmd/testdb/main.go:45.2,46.14 2 0
aigame/server/backend/cmd/testdb/main.go:46.14,48.3 1 0
aigame/server/backend/cmd/testdb/main.go:49.2,50.26 2 0
aigame/server/backend/cmd/testdb/main.go:50.26,52.55 2 0
aigame/server/backend/cmd/testdb/main.go:52.55,55.9 3 0
aigame/server/backend/cmd/testdb/main.go:57.3,57.37 1 0
aigame/server/backend/cmd/testdb/main.go:59.2,59.16 1 0
aigame/server/backend/cmd/testdb/main.go:59.16,61.3 1 0
aigame/server/backend/cmd/testdb/main.go:62.2,66.20 4 0
aigame/server/backend/cmd/testdb/main.go:66.20,68.3 1 0
aigame/server/backend/cmd/testdb/main.go:69.2,73.31 5 0
aigame/server/backend/cmd/testdb/main.go:73.31,75.3 1 0
aigame/server/backend/cmd/testdb/main.go:76.2,76.12 1 0
aigame/server/backend/infra/postgres.go:19.65,21.14 2 0
aigame/server/backend/infra/postgres.go:21.14,23.3 1 0
aigame/server/backend/infra/postgres.go:24.2,24.18 1 0
aigame/server/backend/infra/postgres.go:24.18,25.28 1 0
aigame/server/backend/infra/postgres.go:25.28,26.64 1 0
aigame/server/backend/infra/postgres.go:26.64,28.5 1 0
aigame/server/backend/infra/postgres.go:30.3,30.55 1 0
aigame/server/backend/infra/postgres.go:32.2,33.14 2 0
aigame/server/backend/infra/postgres.go:33.14,35.3 1 0
aigame/server/backend/infra/postgres.go:36.2,36.28 1 0
aigame/server/backend/infra/postgres.go:38.70,40.2 1 0
aigame/server/backend/infra/postgres.go:41.32,42.13 1 0
aigame/server/backend/infra/postgres.go:42.13,44.3 1 0
aigame/server/backend/infra/postgres.go:45.2,45.37 1 0
aigame/server/backend/infra/postgres.go:47.77,51.2 3 0
aigame/server/backend/infra/postgres.go:52.67,55.2 2 0
aigame/server/backend/infra/postgres.go:56.79,60.2 3 0
aigame/server/backend/infra/postgres.go:61.63,64.2 2 0
aigame/server/backend/infra/postgres.go:65.100,67.14 2 0
aigame/server/backend/infra/postgres.go:67.14,69.3 1 0
aigame/server/backend/infra/postgres.go:70.2,72.195 3 0
aigame/server/backend/infra/postgres.go:72.195,74.3 1 0
aigame/server/backend/infra/postgres.go:75.2,76.14 2 0
aigame/server/backend/infra/postgres.go:76.14,78.3 1 0
aigame/server/backend/infra/postgres.go:79.2,79.21 1 0
aigame/server/backend/infra/postgres.go:81.86,83.14 2 0
aigame/server/backend/infra/postgres.go:83.14,85.3 1 0
aigame/server/backend/infra/postgres.go:86.2,89.193 4 0
aigame/server/backend/infra/postgres.go:89.193,91.3 1 0
aigame/server/backend/infra/postgres.go:92.2,93.14 2 0
aigame/server/backend/infra/postgres.go:93.14,95.3 1 0
aigame/server/backend/infra/postgres.go:96.2,97.32 2 0
aigame/server/backend/infra/postgres.go:97.32,99.3 1 0
aigame/server/backend/infra/postgres.go:100.2,100.17 1 0
aigame/server/backend/infra/postgres.go:102.44,102.106 2 0
aigame/server/backend/infra/postgres.go:103.44,103.69 1 0
aigame/server/backend/infra/postgres.go:104.48,106.16 2 0
aigame/server/backend/infra/postgres.go:106.16,108.3 1 0
aigame/server/backend/infra/postgres.go:109.2,110.14 2 0
aigame/server/backend/infra/postgres.go:110.14,112.3 1 0
aigame/server/backend/infra/postgres.go:113.2,114.14 2 0
aigame/server/backend/infra/postgres.go:114.14,116.3 1 0
aigame/server/backend/infra/postgres.go:117.2,118.20 2 0
aigame/server/backend/infra/postgres.go:118.20,119.87 1 0
aigame/server/backend/infra/postgres.go:119.87,121.4 1 0
aigame/server/backend/infra/postgres.go:123.2,123.75 1 0
aigame/server/backend/infra/postgres.go:123.75,125.3 1 0
aigame/server/backend/infra/postgres.go:126.2,126.129 1 0
aigame/server/backend/infra/postgres.go:126.129,128.3 1 0
aigame/server/backend/infra/postgres.go:129.2,131.14 3 0
aigame/server/backend/infra/postgres.go:131.14,132.35 1 0
aigame/server/backend/infra/postgres.go:132.35,134.4 1 0
aigame/server/backend/infra/postgres.go:135.3,135.24 1 0
aigame/server/backend/infra/postgres.go:137.2,137.24 1 0
aigame/server/backend/infra/postgres.go:137.24,139.3 1 0
aigame/server/backend/infra/postgres.go:140.2,140.46 1 0
aigame/server/backend/infra/postgres.go:140.46,142.3 1 0
aigame/server/backend/infra/postgres.go:143.2,143.117 1 0
aigame/server/backend/infra/postgres.go:143.117,145.3 1 0
aigame/server/backend/infra/postgres.go:146.2,146.23 1 0
aigame/server/backend/transport/http.go:30.51,32.2 1 0
aigame/server/backend/transport/http.go:33.52,37.30 4 0
aigame/server/backend/transport/http.go:37.30,38.42 1 0
aigame/server/backend/transport/http.go:38.42,40.4 1 0
aigame/server/backend/transport/http.go:42.2,43.35 2 0
aigame/server/backend/transport/http.go:43.35,45.3 1 0
aigame/server/backend/transport/http.go:46.2,46.49 1 0
aigame/server/backend/transport/http.go:46.49,48.3 1 0
aigame/server/backend/transport/http.go:49.2,49.21 1 0
aigame/server/backend/transport/http.go:49.21,51.3 1 0
aigame/server/backend/transport/http.go:52.2,53.13 2 0
aigame/server/backend/transport/http.go:55.57,60.2 4 0
aigame/server/backend/transport/http.go:61.59,63.2 1 0
aigame/server/backend/transport/http.go:64.46,65.74 1 0
aigame/server/backend/transport/http.go:65.74,67.3 1 0
aigame/server/backend/transport/http.go:67.8,69.3 1 0
aigame/server/backend/transport/http.go:71.35,73.2 1 0
aigame/server/backend/transport/http.go:92.35,95.24 3 0
aigame/server/backend/transport/http.go:95.24,97.3 1 0
aigame/server/backend/transport/http.go:98.2,98.37 1 0
aigame/server/backend/transport/http.go:100.69,102.94 2 0
aigame/server/backend/transport/http.go:102.94,105.3 2 0
aigame/server/backend/transport/http.go:106.2,107.69 2 0
aigame/server/backend/transport/http.go:107.69,111.3 3 0
aigame/server/backend/transport/http.go:112.2,112.56 1 0
aigame/server/backend/transport/http.go:112.56,114.30 2 0
aigame/server/backend/transport/http.go:114.30,117.4 2 0
aigame/server/backend/transport/http.go:118.3,118.15 1 0
aigame/server/backend/transport/http.go:118.15,121.4 2 0
aigame/server/backend/transport/http.go:123.2,123.28 1 0
aigame/server/backend/transport/http.go:123.28,126.3 2 0
aigame/server/backend/transport/http.go:127.2,128.14 2 0
aigame/server/backend/transport/http.go:128.14,130.26 2 0
aigame/server/backend/transport/http.go:130.26,132.4 1 0
aigame/server/backend/transport/http.go:132.9,134.4 1 0
aigame/server/backend/transport/http.go:135.3,135.9 1 0
aigame/server/backend/transport/http.go:137.2,140.55 4 0
aigame/server/backend/transport/http.go:140.55,141.24 1 0
aigame/server/backend/transport/http.go:141.24,144.4 2 0
aigame/server/backend/transport/http.go:145.3,145.30 1 0
aigame/server/backend/transport/http.go:145.30,146.40 1 0
aigame/server/backend/transport/http.go:146.40,149.5 2 0
aigame/server/backend/transport/http.go:150.4,150.58 1 0
aigame/server/backend/transport/http.go:151.9,153.4 1 0
aigame/server/backend/transport/http.go:154.3,154.9 1 0
aigame/server/backend/transport/http.go:156.2,156.23 1 0
aigame/server/backend/transport/http.go:156.23,159.3 2 0
aigame/server/backend/transport/http.go:160.2,160.24 1 0
aigame/server/backend/transport/http.go:160.24,163.3 2 0
aigame/server/backend/transport/http.go:164.2,164.30 1 0
aigame/server/backend/transport/http.go:164.30,166.72 2 0
aigame/server/backend/transport/http.go:166.72,169.4 2 0
aigame/server/backend/transport/http.go:170.3,171.15 2 0
aigame/server/backend/transport/http.go:171.15,174.4 2 0
aigame/server/backend/transport/http.go:175.3,176.9 2 0
aigame/server/backend/transport/http.go:178.2,178.43 1 0
aigame/server/backend/transport/http.go:178.43,181.55 3 0
aigame/server/backend/transport/http.go:181.55,184.4 2 0
aigame/server/backend/transport/http.go:185.3,186.148 2 0
aigame/server/backend/transport/http.go:186.148,189.4 2 0
aigame/server/backend/transport/http.go:190.3,191.15 2 0
aigame/server/backend/transport/http.go:191.15,194.4 2 0
aigame/server/backend/transport/http.go:195.3,196.9 2 0
aigame/server/backend/transport/http.go:198.2,199.61 2 0
aigame/server/backend/transport/http.go:199.61,202.3 2 0
aigame/server/backend/transport/http.go:203.2,204.14 2 0
aigame/server/backend/transport/http.go:204.14,207.3 2 0
aigame/server/backend/transport/http.go:208.2,208.31 1 0
aigame/server/backend/transport/http.go:208.31,209.68 1 0
aigame/server/backend/transport/http.go:209.68,212.4 2 0
aigame/server/backend/transport/http.go:213.3,214.9 2 0
aigame/server/backend/transport/http.go:216.2,217.100 2 0
aigame/server/backend/transport/http.go:217.100,220.3 2 0
aigame/server/backend/transport/http.go:221.2,221.89 1 0
aigame/server/backend/transport/http.go:221.89,224.3 2 0
aigame/server/backend/transport/http.go:225.2,226.14 2 0
aigame/server/backend/transport/http.go:226.14,229.3 2 0
aigame/server/backend/transport/http.go:230.2,230.265 1 0
aigame/server/backend/usecase/service.go:33.28,33.94 2 4
aigame/server/backend/usecase/service.go:34.26,42.2 2 3
aigame/server/backend/usecase/service.go:43.26,47.2 3 1
aigame/server/backend/usecase/service.go:48.83,50.14 2 0
aigame/server/backend/usecase/service.go:50.14,52.3 1 0
aigame/server/backend/usecase/service.go:53.2,54.9 2 0
aigame/server/backend/usecase/service.go:54.9,56.3 1 0
aigame/server/backend/usecase/service.go:57.2,58.61 2 0
aigame/server/backend/usecase/service.go:58.61,60.3 1 0
aigame/server/backend/usecase/service.go:61.2,61.21 1 0
aigame/server/backend/usecase/service.go:63.79,65.2 1 0
aigame/server/backend/usecase/service.go:66.128,67.83 1 1
aigame/server/backend/usecase/service.go:67.83,69.3 1 0
aigame/server/backend/usecase/service.go:70.2,72.61 3 1
aigame/server/backend/usecase/service.go:74.87,75.122 1 0
aigame/server/backend/usecase/service.go:75.122,77.3 1 0
aigame/server/backend/usecase/service.go:78.2,78.37 1 0
